# This log file is used for testing creplay.

$ echo foo
> foo
= 0

$ echo -n foo
>|foo
= 0

# Command that fails.
$ foo bar
! Error
= 1

$ ./script.py
> foo
>|123
! bar
> baz
= 0

$ foo
> foo
! bar
> baz
= 0
